../Core/Src/touch_ilitek.c:25:13:enqueueEvent	32	static
../Core/Src/touch_ilitek.c:33:13:dequeueEvent	24	static
../Core/Src/touch_ilitek.c:40:6:ILITEK_Init	8	static
../Core/Src/touch_ilitek.c:47:6:ILITEK_ReadTouch	40	static
../Core/Src/touch_ilitek.c:66:6:Touch_IsWithinRegion	16	static
../Core/Src/touch_ilitek.c:71:6:ILITEK_RegisterRegionHandler	24	static
../Core/Src/touch_ilitek.c:77:6:ILITEK_ProcessTouch	24	static
../Core/Src/touch_ilitek.c:84:6:ILITEK_PollTouchEvents	32	static
../Core/Src/touch_ilitek.c:117:6:ILITEK_CreateGridButtons	112	static
../Core/Src/touch_ilitek.c:153:6:HAL_GPIO_EXTI_Callback	16	static
